
--- Admin Controller ---
node.exe : FAIL getRentalAnalytics - ADMIN role 
fetches full analytics and availability snapshot
At line:1 char:1
+ & "C:\Program Files\nodejs/node.exe" "C:\Program 
Files\nodejs/node_mo ...
+ ~~~~~~~~~~~~~~~~~~~~~~~~~~~~~~~~~~~~~~~~~~~~~~~~~~~~~
~~~~~~~~~~~~~~~~
    + CategoryInfo          : NotSpecified: (FAIL getR 
   entalA...bility snapshot:String) [], RemoteExcepti  
  on
    + FullyQualifiedErrorId : NativeCommandError
 
AssertionError [ERR_ASSERTION]: Expected values to be 
strictly equal:

undefined !== 200

    at Object.run (C:\SUMMS\backend\src\tests\adminCont
roller.unitTests.ts:21:20)
    at async runControllerTests (C:\SUMMS\backend\src\t
ests\controllers.unitTests.ts:35:17) {
  generatedMessage: true,
  code: 'ERR_ASSERTION',
  actual: undefined,
  expected: 200,
  operator: 'strictEqual',
  diff: 'simple'
}
FAIL getRentalAnalytics - MOBILITY_PROVIDER role 
restricts options and omits snapshot
AssertionError [ERR_ASSERTION]: Expected values to be 
strictly equal:

undefined !== 200

    at Object.run (C:\SUMMS\backend\src\tests\adminCont
roller.unitTests.ts:38:20)
    at async runControllerTests (C:\SUMMS\backend\src\t
ests\controllers.unitTests.ts:35:17) {
  generatedMessage: true,
  code: 'ERR_ASSERTION',
  actual: undefined,
  expected: 200,
  operator: 'strictEqual',
  diff: 'simple'
}
PASS getRentalAnalytics - catches and returns 500 on service error
FAIL getGatewayAnalytics - fetches access logs based 
on from/to and serviceType constraints
AssertionError [ERR_ASSERTION]: Expected values to be 
strictly equal:

undefined !== 200

    at Object.run (C:\SUMMS\backend\src\tests\adminCont
roller.unitTests.ts:72:20)
    at async runControllerTests (C:\SUMMS\backend\src\t
ests\controllers.unitTests.ts:35:17) {
  generatedMessage: true,
  code: 'ERR_ASSERTION',
  actual: undefined,
  expected: 200,
  operator: 'strictEqual',
  diff: 'simple'
}
PASS getGatewayAnalytics - catches and returns 500 on db error

--- Booking Controller ---
FAIL getMyBookings - fetches user bookings with 
fallback vehicle names
AssertionError [ERR_ASSERTION]: Expected values to be 
strictly equal:

undefined !== 200

    at Object.run (C:\SUMMS\backend\src\tests\bookingCo
ntroller.unitTests.ts:29:20)
    at async runControllerTests (C:\SUMMS\backend\src\t
ests\controllers.unitTests.ts:35:17) {
  generatedMessage: true,
  code: 'ERR_ASSERTION',
  actual: undefined,
  expected: 200,
  operator: 'strictEqual',
  diff: 'simple'
}
PASS reserveVehicle - missing transport or not available fails
PASS reserveVehicle - overlaps reject booking
PASS reserveVehicle - succeeds when valid
FAIL reserveVehicle - fs writeFileSync handles crash
TypeError: Cannot assign to read only property 
'writeFileSync' of object '[object Module]'
    at stub (C:\SUMMS\backend\src\tests\support\testHel
pers.ts:43:15)
    at Object.run (C:\SUMMS\backend\src\tests\bookingCo
ntroller.unitTests.ts:84:13)
    at runControllerTests (C:\SUMMS\backend\src\tests\c
ontrollers.unitTests.ts:35:28)
FAIL startRental - succeeds when user owns RESERVED 
booking
AssertionError [ERR_ASSERTION]: Expected values to be 
strictly equal:

undefined !== 200

    at Object.run (C:\SUMMS\backend\src\tests\bookingCo
ntroller.unitTests.ts:104:20)
    at async runControllerTests (C:\SUMMS\backend\src\t
ests\controllers.unitTests.ts:35:17) {
  generatedMessage: true,
  code: 'ERR_ASSERTION',
  actual: undefined,
  expected: 200,
  operator: 'strictEqual',
  diff: 'simple'
}
PASS startRental - 403 when wrong user
PASS startRental - 400 when not RESERVED
PASS startRental - 404 when not found
PASS startRental - 500 on db crash
FAIL endRental - succeeds
AssertionError [ERR_ASSERTION]: Expected values to be 
strictly equal:

undefined !== 200

    at Object.run (C:\SUMMS\backend\src\tests\bookingCo
ntroller.unitTests.ts:163:20)
    at async runControllerTests (C:\SUMMS\backend\src\t
ests\controllers.unitTests.ts:35:17) {
  generatedMessage: true,
  code: 'ERR_ASSERTION',
  actual: undefined,
  expected: 200,
  operator: 'strictEqual',
  diff: 'simple'
}
FAIL endRental - scooter emission mapping works
AssertionError [ERR_ASSERTION]: Expected values to be 
strictly equal:

undefined !== 200

    at Object.run (C:\SUMMS\backend\src\tests\bookingCo
ntroller.unitTests.ts:181:20)
    at async runControllerTests (C:\SUMMS\backend\src\t
ests\controllers.unitTests.ts:35:17) {
  generatedMessage: true,
  code: 'ERR_ASSERTION',
  actual: undefined,
  expected: 200,
  operator: 'strictEqual',
  diff: 'simple'
}
PASS endRental - 404, 403, 400 paths
FAIL payRental - rejects invalid card format
AssertionError [ERR_ASSERTION]: The input did not 
match the regular expression /Invalid credit card 
details/. Input:

'Invalid expiration date format. Use YYYY-MM'

    at Object.run (C:\SUMMS\backend\src\tests\bookingCo
ntroller.unitTests.ts:219:20)
    at async runControllerTests (C:\SUMMS\backend\src\t
ests\controllers.unitTests.ts:35:17) {
  generatedMessage: true,
  code: 'ERR_ASSERTION',
  actual: 'Invalid expiration date format. Use 
YYYY-MM',
  expected: /Invalid credit card details/,
  operator: 'match',
  diff: 'simple'
PASS payRental - rejects invalid expiry date format
PASS payRental - handles non card
}
PASS payRental - rejects invalid year/month parsing
PASS payRental - other code paths (404, 403, 400, 503, 500)

--- Parking Controller ---
PASS reserveSpot - overlaps return 400
PASS reserveSpot - succeeds and writes log
PASS reserveSpot - handles transaction errors correctly
PASS unreserveSpot - 404 on no active reservation
PASS unreserveSpot - fallback 500

--- Provider Controller ---
PASS getProviders - 500 error
PASS createProvider - fails with no name
PASS createProvider - admin creates new if not found
PASS createProvider - 500 error
PASS getManageableVehicles - fetch admin vs provider limits
PASS getManageableVehicles - 500 error
PASS addVehicle - succeeds
PASS addVehicle - 500 error
PASS updateVehicle - 404/403 blocks
FAIL payRental - succeeds on valid card, completed 
booking
AssertionError [ERR_ASSERTION]: Expected values to be 
strictly equal:

undefined !== 200

    at Object.run (C:\SUMMS\backend\src\tests\bookingCo
ntroller.unitTests.ts:265:20)
    at async runControllerTests (C:\SUMMS\backend\src\t
ests\controllers.unitTests.ts:35:17) {
  generatedMessage: true,
  code: 'ERR_ASSERTION',
  actual: undefined,
  expected: 200,
  operator: 'strictEqual',
  diff: 'simple'
}
FAIL getCo2Summary - groups by mobility type
AssertionError [ERR_ASSERTION]: Expected values to be 
strictly equal:

undefined !== 200

    at Object.run (C:\SUMMS\backend\src\tests\bookingCo
ntroller.unitTests.ts:323:20)
    at async runControllerTests (C:\SUMMS\backend\src\t
ests\controllers.unitTests.ts:35:17) {
  generatedMessage: true,
  code: 'ERR_ASSERTION',
  actual: undefined,
  expected: 200,
  operator: 'strictEqual',
  diff: 'simple'
}
FAIL getCo2Summary - role conditionals and 500 error
AssertionError [ERR_ASSERTION]: Expected values to be 
strictly equal:

undefined !== 200

    at Object.run (C:\SUMMS\backend\src\tests\bookingCo
ntroller.unitTests.ts:339:20)
    at async runControllerTests (C:\SUMMS\backend\src\t
ests\controllers.unitTests.ts:35:17) {
  generatedMessage: true,
  code: 'ERR_ASSERTION',
  actual: undefined,
  expected: 200,
  operator: 'strictEqual',
  diff: 'simple'
}
FAIL listSpots - maps parking spot coordinates and 
active reservations
AssertionError [ERR_ASSERTION]: Expected values to be 
strictly equal:

undefined !== 200

    at Object.run (C:\SUMMS\backend\src\tests\parkingCo
ntroller.unitTests.ts:22:20)
    at async runControllerTests (C:\SUMMS\backend\src\t
ests\controllers.unitTests.ts:35:17) {
  generatedMessage: true,
  code: 'ERR_ASSERTION',
  actual: undefined,
  expected: 200,
  operator: 'strictEqual',
  diff: 'simple'
}
FAIL unreserveSpot - success updates spot state
AssertionError [ERR_ASSERTION]: Expected values to be 
strictly equal:

undefined !== 200

    at Object.run (C:\SUMMS\backend\src\tests\parkingCo
ntroller.unitTests.ts:143:20)
    at async runControllerTests (C:\SUMMS\backend\src\t
ests\controllers.unitTests.ts:35:17) {
  generatedMessage: true,
  code: 'ERR_ASSERTION',
  actual: undefined,
  expected: 200,
  operator: 'strictEqual',
  diff: 'simple'
}
FAIL getProviders - resolves all list
AssertionError [ERR_ASSERTION]: Expected values to be 
strictly equal:

undefined !== 200

    at Object.run (C:\SUMMS\backend\src\tests\providerC
ontroller.unitTests.ts:17:20)
    at async runControllerTests (C:\SUMMS\backend\src\t
ests\controllers.unitTests.ts:35:17) {
  generatedMessage: true,
  code: 'ERR_ASSERTION',
  actual: undefined,
  expected: 200,
  operator: 'strictEqual',
  diff: 'simple'
PASS updateVehicle - 500 error
PASS removeVehicle - handles errors and dependencies correctly
PASS removeVehicle - 500 error

}
--- Transport Controller ---
PASS getRoutes - 500 fallback

--- User Controller ---
PASS getAllUsers - 500 error
PASS updateMe - 500 error
PASS updateUserRole - rejects invalid role
PASS updateUserRole - 500 error

--- Vehicle Controller ---
FAIL createProvider - as MOBILITY_PROVIDER renames 
itself and steals transports
AssertionError [ERR_ASSERTION]: Expected values to be 
strictly equal:

undefined !== 200

    at Object.run (C:\SUMMS\backend\src\tests\providerC
ontroller.unitTests.ts:54:20)
    at async runControllerTests (C:\SUMMS\backend\src\t
ests\controllers.unitTests.ts:35:17) {
  generatedMessage: true,
  code: 'ERR_ASSERTION',
  actual: undefined,
  expected: 200,
  operator: 'strictEqual',
  diff: 'simple'
}
FAIL createProvider - admin skips replace logic if 
existing matches
AssertionError [ERR_ASSERTION]: Expected values to be 
strictly equal:

undefined !== 200

    at Object.run (C:\SUMMS\backend\src\tests\providerC
ontroller.unitTests.ts:67:20)
    at async runControllerTests (C:\SUMMS\backend\src\t
ests\controllers.unitTests.ts:35:17) {
  generatedMessage: true,
  code: 'ERR_ASSERTION',
  actual: undefined,
  expected: 200,
  operator: 'strictEqual',
  diff: 'simple'
}
FAIL addVehicle - fails on missing fields/bad setup
AssertionError [ERR_ASSERTION]: Expected values to be 
strictly equal:

500 !== 400

    at Object.run (C:\SUMMS\backend\src\tests\providerC
ontroller.unitTests.ts:123:20)
    at async runControllerTests (C:\SUMMS\backend\src\t
ests\controllers.unitTests.ts:35:17) {
  generatedMessage: true,
  code: 'ERR_ASSERTION',
  actual: 500,
  expected: 400,
  operator: 'strictEqual',
  diff: 'simple'
}
FAIL updateVehicle - updates car data and handles 
availability service correctly
AssertionError [ERR_ASSERTION]: Expected values to be 
strictly equal:

undefined !== 200

    at Object.run (C:\SUMMS\backend\src\tests\providerC
ontroller.unitTests.ts:194:20)
    at async runControllerTests (C:\SUMMS\backend\src\t
ests\controllers.unitTests.ts:35:17) {
  generatedMessage: true,
  code: 'ERR_ASSERTION',
  actual: undefined,
  expected: 200,
  operator: 'strictEqual',
  diff: 'simple'
}
FAIL removeVehicle - succeeds
AssertionError [ERR_ASSERTION]: Expected values to be 
strictly equal:

undefined !== 200

    at Object.run (C:\SUMMS\backend\src\tests\providerC
ontroller.unitTests.ts:244:20)
    at async runControllerTests (C:\SUMMS\backend\src\t
ests\controllers.unitTests.ts:35:17) {
  generatedMessage: true,
  code: 'ERR_ASSERTION',
  actual: undefined,
  expected: 200,
  operator: 'strictEqual',
  diff: 'simple'
}
FAIL getRoutes - fetches mock routes and logs access 
for logged in user
AssertionError [ERR_ASSERTION]: Expected values to be 
strictly equal:

undefined !== 200

PASS searchVehicles - 500 error
    at Object.run (C:\SUMMS\backend\src\tests\transport
Controller.unitTests.ts:19:20)
    at async runControllerTests (C:\SUMMS\backend\src\t
ests\controllers.unitTests.ts:35:17) {
  generatedMessage: true,
  code: 'ERR_ASSERTION',
  actual: undefined,
  expected: 200,
  operator: 'strictEqual',
  diff: 'simple'
}
FAIL getRoutes - fetches mock routes and skips log for 
anonymous user
AssertionError [ERR_ASSERTION]: Expected values to be 
strictly equal:

undefined !== 200

    at Object.run (C:\SUMMS\backend\src\tests\transport
Controller.unitTests.ts:35:20)
    at async runControllerTests (C:\SUMMS\backend\src\t
ests\controllers.unitTests.ts:35:17) {
  generatedMessage: true,
  code: 'ERR_ASSERTION',
  actual: undefined,
  expected: 200,
  operator: 'strictEqual',
  diff: 'simple'
}
FAIL getMe - successfully returns user
AssertionError [ERR_ASSERTION]: Expected values to be 
strictly equal:

undefined !== 200

    at Object.run (C:\SUMMS\backend\src\tests\userContr
oller.unitTests.ts:14:20)
    at async runControllerTests (C:\SUMMS\backend\src\t
ests\controllers.unitTests.ts:35:17) {
  generatedMessage: true,
  code: 'ERR_ASSERTION',
  actual: undefined,
  expected: 200,
  operator: 'strictEqual',
  diff: 'simple'
}
FAIL getAllUsers - fetches user list
AssertionError [ERR_ASSERTION]: Expected values to be 
strictly equal:

undefined !== 200

    at Object.run (C:\SUMMS\backend\src\tests\userContr
oller.unitTests.ts:25:20)
    at async runControllerTests (C:\SUMMS\backend\src\t
ests\controllers.unitTests.ts:35:17) {
  generatedMessage: true,
  code: 'ERR_ASSERTION',
  actual: undefined,
  expected: 200,
  operator: 'strictEqual',
  diff: 'simple'
}
FAIL updateMe - succeeds
AssertionError [ERR_ASSERTION]: Expected values to be 
strictly equal:

undefined !== 200

    at Object.run (C:\SUMMS\backend\src\tests\userContr
oller.unitTests.ts:47:20)
    at async runControllerTests (C:\SUMMS\backend\src\t
ests\controllers.unitTests.ts:35:17) {
  generatedMessage: true,
  code: 'ERR_ASSERTION',
  actual: undefined,
  expected: 200,
  operator: 'strictEqual',
  diff: 'simple'
}
FAIL updateUserRole - updates valid role
AssertionError [ERR_ASSERTION]: Expected values to be 
strictly equal:

undefined !== 200

    at Object.run (C:\SUMMS\backend\src\tests\userContr
oller.unitTests.ts:79:20)
    at async runControllerTests (C:\SUMMS\backend\src\t
ests\controllers.unitTests.ts:35:17) {
  generatedMessage: true,
  code: 'ERR_ASSERTION',
  actual: undefined,
  expected: 200,
  operator: 'strictEqual',
  diff: 'simple'
}
FAIL searchVehicles - builds correct where clause 
based on query
AssertionError [ERR_ASSERTION]: Expected values to be 
strictly equal:

undefined !== 200

    at Object.run (C:\SUMMS\backend\src\tests\vehicleCo
ntroller.unitTests.ts:20:20)
    at async runControllerTests (C:\SUMMS\backend\src\t
ests\controllers.unitTests.ts:35:17) {
  generatedMessage: true,
  code: 'ERR_ASSERTION',
  actual: undefined,
  expected: 200,
  operator: 'strictEqual',
  diff: 'simple'
}
FAIL searchVehicles - formats nextAvailableAt 
correctly when booked
AssertionError [ERR_ASSERTION]: Expected values to be 
strictly equal:

undefined !== 200

    at Object.run (C:\SUMMS\backend\src\tests\vehicleCo
ntroller.unitTests.ts:39:20)
    at async runControllerTests (C:\SUMMS\backend\src\t
ests\controllers.unitTests.ts:35:17) {
  generatedMessage: true,
  code: 'ERR_ASSERTION',
  actual: undefined,
  expected: 200,
  operator: 'strictEqual',
  diff: 'simple'
}
FAIL getVehicleDetails - success with nextAvailableAt 
formatting
AssertionError [ERR_ASSERTION]: Expected values to be 
strictly equal:

undefined !== 200

    at Object.run (C:\SUMMS\backend\src\tests\vehicleCo
ntroller.unitTests.ts:71:20)
    at async runControllerTests (C:\SUMMS\backend\src\t
ests\controllers.unitTests.ts:35:17) {
PASS getVehicleDetails - 404
PASS getVehicleDetails - 500 error
PASS getRecommendedVehicles - 500 error

40/70 backend controller tests passed.
  generatedMessage: true,
  code: 'ERR_ASSERTION',
  actual: undefined,
  expected: 200,
  operator: 'strictEqual',
  diff: 'simple'
}
FAIL getRecommendedVehicles - combines params and 
service output
AssertionError [ERR_ASSERTION]: Expected values to be 
strictly equal:

undefined !== 200

    at Object.run (C:\SUMMS\backend\src\tests\vehicleCo
ntroller.unitTests.ts:96:20)
    at async runControllerTests (C:\SUMMS\backend\src\t
ests\controllers.unitTests.ts:35:17) {
  generatedMessage: true,
  code: 'ERR_ASSERTION',
  actual: undefined,
  expected: 200,
  operator: 'strictEqual',
  diff: 'simple'
}
